// Jest Snapshot v1, https://goo.gl/fbAQLP

exports[`should render Create expense correctly 1`] = `
<div
  className="page content-container"
>
  <div
    className="page-header"
  >
    <div
      className="content-container"
    >
      <h1>
        Add Expense
      </h1>
    </div>
  </div>
  <ExpenseForm
    onSubmit={[Function]}
  />
</div>
`;
