// Jest Snapshot v1, https://goo.gl/fbAQLP

exports[`should render the Edit correctly 1`] = `
<div>
  <div
    className="page-header"
  >
    <div
      className="content-container"
    >
      <h1>
        Edit Expense
      </h1>
    </div>
  </div>
  <div
    className="content-container"
  >
    <ExpenseForm
      expense={
        Object {
          "amount": 1500,
          "createdAt": 0,
          "description": "Rent",
          "id": "1",
          "note": "",
        }
      }
      onSubmit={[Function]}
    />
    <button
      className="button button--secondary"
      onClick={[Function]}
    >
      Remove Expense
    </button>
  </div>
</div>
`;
