// Jest Snapshot v1, https://goo.gl/fbAQLP

exports[`should render ExpenseListItem with the given expense data 1`] = `
<div>
  <Link
    to="edit/1"
  >
    <h3>
      Rent
    </h3>
  </Link>
  <p>
    $1,500.00
    -
    January 1st, 1970
  </p>
</div>
`;
